// Jest Snapshot v1, https://goo.gl/fbAQLP

exports[`Probando el componente <Footer/> Deberia mostrar <Footer/> correctamente 1`] = `
<footer
  className="footer delimiter"
>
  <div
    className="delimiterChild delimiterChild "
  >
    <div>
      <h3
        className="footerTittle"
      >
        2021 @ World Guest Booking
      </h3>
    </div>
    <div
      className="icons"
    >
      <a
        href="https://www.facebook.com/profile.php?id=100074545225635"
        rel="noreferrer"
        target="_blank"
      >
        <img
          alt=""
          className="iconsImg"
          src="icon facebook.png"
        />
      </a>
      <a
        href="https://www.linkedin.com/in/world-guest-2b195b225/"
        rel="noreferrer"
        target="_blank"
      >
        <img
          alt=""
          className="iconsImg"
          src="icon linkedin.png"
        />
      </a>
      <a
        href="https://twitter.com/WorldGuest2"
        rel="noreferrer"
        target="_blank"
      >
        <img
          alt=""
          className="iconsImg"
          src="tweet.png"
        />
      </a>
      <a
        href="https://www.instagram.com/world_guest_booking/"
        rel="noreferrer"
        target="_blank"
      >
        <img
          alt=""
          className="iconsImg"
          src="icon ig.png"
        />
      </a>
      <img
        alt="iconSocial"
        className="iconsImg"
        onClick={[Function]}
        src="icon-social.svg"
      />
      <Share
        placeShareCall="footer"
        setShareIsOpen={[Function]}
        shareIsOpen={false}
      />
    </div>
  </div>
</footer>
`;
