// Jest Snapshot v1, https://goo.gl/fbAQLP

exports[`Probando el componente <Header/> Deberia mostrar <Header/> correctamente 1`] = `
<div
  className="containerHeader"
>
  <header
    className="header delimiter"
    onMouseLeave={[Function]}
  >
    <div
      className="headerTop delimiterChild"
    >
      <Link
        className="home"
        onClick={[Function]}
        to="/"
      >
        <div
          className="logo"
          onClick={[MockFunction]}
        >
          <img
            alt="logo"
            src="logoWguest.jpg"
          />
          <h3>
            Un mundo por descubrir
          </h3>
        </div>
      </Link>
      <div
        className="buttons"
      >
        <Link
          to="/create"
        >
          <button
            className={null}
            id="createC"
          >
            Crear Cuenta
          </button>
        </Link>
        <Link
          to="/login"
        >
          <button
            className={null}
            onClick={[Function]}
          >
            Iniciar Sesión
          </button>
        </Link>
      </div>
      <div
        className="hideButton"
      >
        <div
          className="user"
          onMouseMove={[Function]}
        >
          <div>
            <div
              className="logoName"
            >
              <p />
            </div>
            <div
              className="text"
            >
              <h3
                className="great"
              >
                Hola,
              </h3>
              <h3
                className="name"
              >
                 
              </h3>
            </div>
            <span
              className="arrow"
            />
          </div>
        </div>
      </div>
      <MenuButton
        handleShow={[Function]}
      />
    </div>
    <MenuMobile
      admin={false}
      handleFavourite={[MockFunction]}
      handleFavouriteClick={[Function]}
      handleHide={[Function]}
      handleLogOut={[Function]}
      iniciales={null}
    />
    <div
      className="hideButton"
    >
      <Link
        to="/"
      >
        <h4
          className="seeMyAccount"
          onClick={[Function]}
        >
          Ver favoritos
        </h4>
      </Link>
      <img
        alt=""
        src="LineOrange.png"
      />
      <Link
        to="/mybookings"
      >
        <h4
          className="seeMyAccount"
        >
          Mis reservas
        </h4>
      </Link>
      <img
        alt=""
        src="LineOrange.png"
      />
      <h4
        className="seeMyAccount"
      >
        <a
          href="/"
          onClick={[Function]}
        >
          Cerrar sesión
        </a>
         
      </h4>
    </div>
    <div
      className="hideButton"
    >
      <Link
        to="/product/create"
      >
        <h4
          className="seeMyAccount"
        >
          Crear Producto
        </h4>
      </Link>
      <img
        alt=""
        src="LineOrange.png"
      />
      <Link
        to="/product/update"
      >
        <h4
          className="seeMyAccount"
        >
          Modificar Producto
        </h4>
      </Link>
    </div>
  </header>
</div>
`;
